// Jest Snapshot v1, https://goo.gl/fbAQLP

exports[`ui/Quote should render a blockquote element with the children passed in 1`] = `
<div>
  <blockquote
    class="text-xl text-slate-300 border-l-4 border-primary px-3 py-1"
  >
    <p>
      <span
        data-testid="children"
      />
    </p>
  </blockquote>
</div>
`;
